Analyzing drink_pos_app...                                      

   info - Unnecessary use of multiple underscores - lib\features\inventory\screens\inventory_screen.dart:49:20 - unnecessary_underscores
   info - Unnecessary use of multiple underscores - lib\features\inventory\screens\inventory_screen.dart:49:24 - unnecessary_underscores
   info - 'withOpacity' is deprecated and shouldn't be used. Use .withValues() to avoid precision loss - lib\features\inventory\screens\inventory_screen.dart:127:35 - deprecated_member_use
   info - 'withOpacity' is deprecated and shouldn't be used. Use .withValues() to avoid precision loss - lib\features\inventory\screens\inventory_screen.dart:172:31 - deprecated_member_use
   info - 'withOpacity' is deprecated and shouldn't be used. Use .withValues() to avoid precision loss - lib\features\inventory\screens\inventory_screen.dart:174:50 - deprecated_member_use
   info - 'withOpacity' is deprecated and shouldn't be used. Use .withValues() to avoid precision loss - lib\features\inventory\screens\inventory_screen.dart:253:43 - deprecated_member_use
   info - 'withOpacity' is deprecated and shouldn't be used. Use .withValues() to avoid precision loss - lib\features\inventory\screens\inventory_screen.dart:421:24 - deprecated_member_use
   info - 'withOpacity' is deprecated and shouldn't be used. Use .withValues() to avoid precision loss - lib\features\inventory\screens\inventory_screen.dart:423:41 - deprecated_member_use
   info - 'withOpacity' is deprecated and shouldn't be used. Use .withValues() to avoid precision loss - lib\features\inventory\screens\inventory_screen.dart:428:33 - deprecated_member_use
   info - 'withOpacity' is deprecated and shouldn't be used. Use .withValues() to avoid precision loss - lib\features\inventory\screens\inventory_screen.dart:442:35 - deprecated_member_use
   info - 'withOpacity' is deprecated and shouldn't be used. Use .withValues() to avoid precision loss - lib\features\inventory\screens\inventory_screen.dart:469:46 - deprecated_member_use
   info - 'withOpacity' is deprecated and shouldn't be used. Use .withValues() to avoid precision loss - lib\features\inventory\screens\inventory_screen.dart:534:39 - deprecated_member_use
   info - 'withOpacity' is deprecated and shouldn't be used. Use .withValues() to avoid precision loss - lib\features\inventory\screens\inventory_screen.dart:536:58 - deprecated_member_use
   info - 'withOpacity' is deprecated and shouldn't be used. Use .withValues() to avoid precision loss - lib\features\inventory\screens\inventory_screen.dart:635:50 - deprecated_member_use
   info - 'withOpacity' is deprecated and shouldn't be used. Use .withValues() to avoid precision loss - lib\features\inventory\screens\inventory_screen.dart:647:43 - deprecated_member_use
   info - 'withOpacity' is deprecated and shouldn't be used. Use .withValues() to avoid precision loss - lib\features\inventory\screens\inventory_screen.dart:728:47 - deprecated_member_use
   info - 'withOpacity' is deprecated and shouldn't be used. Use .withValues() to avoid precision loss - lib\features\inventory\screens\inventory_screen.dart:731:49 - deprecated_member_use
   info - Unnecessary use of multiple underscores - lib\features\inventory\screens\inventory_screen.dart:786:29 - unnecessary_underscores
   info - 'withOpacity' is deprecated and shouldn't be used. Use .withValues() to avoid precision loss - lib\features\inventory\screens\inventory_screen.dart:817:28 - deprecated_member_use
   info - 'withOpacity' is deprecated and shouldn't be used. Use .withValues() to avoid precision loss - lib\features\inventory\screens\inventory_screen.dart:910:31 - deprecated_member_use
   info - 'withOpacity' is deprecated and shouldn't be used. Use .withValues() to avoid precision loss - lib\features\inventory\screens\inventory_screen.dart:981:43 - deprecated_member_use
   info - 'withOpacity' is deprecated and shouldn't be used. Use .withValues() to avoid precision loss - lib\features\inventory\screens\inventory_screen.dart:1212:45 - deprecated_member_use
   info - 'withOpacity' is deprecated and shouldn't be used. Use .withValues() to avoid precision loss - lib\features\inventory\screens\inventory_screen.dart:1628:41 - deprecated_member_use
   info - Unnecessary use of multiple underscores - lib\features\pos\screens\checkout_page.dart:78:20 - unnecessary_underscores
   info - Unnecessary use of multiple underscores - lib\features\pos\screens\checkout_page.dart:78:24 - unnecessary_underscores
   info - 'withOpacity' is deprecated and shouldn't be used. Use .withValues() to avoid precision loss - lib\features\pos\screens\checkout_page.dart:339:24 - deprecated_member_use
   info - 'withOpacity' is deprecated and shouldn't be used. Use .withValues() to avoid precision loss - lib\features\pos\screens\checkout_page.dart:341:43 - deprecated_member_use
   info - 'withOpacity' is deprecated and shouldn't be used. Use .withValues() to avoid precision loss - lib\features\pos\screens\checkout_page.dart:472:47 - deprecated_member_use
   info - 'withOpacity' is deprecated and shouldn't be used. Use .withValues() to avoid precision loss - lib\features\pos\screens\checkout_page.dart:555:36 - deprecated_member_use
   info - 'withOpacity' is deprecated and shouldn't be used. Use .withValues() to avoid precision loss - lib\features\pos\screens\checkout_page.dart:568:55 - deprecated_member_use
   info - 'withOpacity' is deprecated and shouldn't be used. Use .withValues() to avoid precision loss - lib\features\pos\screens\checkout_page.dart:689:33 - deprecated_member_use
   info - Unnecessary use of multiple underscores - lib\features\pos\screens\pos_home_screen.dart:78:20 - unnecessary_underscores
   info - Unnecessary use of multiple underscores - lib\features\pos\screens\pos_home_screen.dart:78:24 - unnecessary_underscores
   info - 'withOpacity' is deprecated and shouldn't be used. Use .withValues() to avoid precision loss - lib\features\pos\screens\pos_home_screen.dart:149:35 - deprecated_member_use
   info - 'withOpacity' is deprecated and shouldn't be used. Use .withValues() to avoid precision loss - lib\features\pos\screens\pos_home_screen.dart:261:33 - deprecated_member_use
   info - 'withOpacity' is deprecated and shouldn't be used. Use .withValues() to avoid precision loss - lib\features\pos\screens\pos_home_screen.dart:263:52 - deprecated_member_use
   info - 'withOpacity' is deprecated and shouldn't be used. Use .withValues() to avoid precision loss - lib\features\pos\screens\pos_home_screen.dart:315:41 - deprecated_member_use
   info - 'withOpacity' is deprecated and shouldn't be used. Use .withValues() to avoid precision loss - lib\features\pos\screens\pos_home_screen.dart:477:30 - deprecated_member_use
   info - 'withOpacity' is deprecated and shouldn't be used. Use .withValues() to avoid precision loss - lib\features\pos\screens\pos_home_screen.dart:478:34 - deprecated_member_use
   info - 'withOpacity' is deprecated and shouldn't be used. Use .withValues() to avoid precision loss - lib\features\pos\screens\pos_home_screen.dart:494:39 - deprecated_member_use
   info - 'withOpacity' is deprecated and shouldn't be used. Use .withValues() to avoid precision loss - lib\features\pos\screens\pos_home_screen.dart:599:33 - deprecated_member_use
   info - 'withOpacity' is deprecated and shouldn't be used. Use .withValues() to avoid precision loss - lib\features\pos\screens\pos_home_screen.dart:645:41 - deprecated_member_use
   info - 'withOpacity' is deprecated and shouldn't be used. Use .withValues() to avoid precision loss - lib\features\pos\screens\pos_home_screen.dart:742:45 - deprecated_member_use
   info - 'withOpacity' is deprecated and shouldn't be used. Use .withValues() to avoid precision loss - lib\features\pos\screens\pos_home_screen.dart:745:47 - deprecated_member_use
   info - 'withOpacity' is deprecated and shouldn't be used. Use .withValues() to avoid precision loss - lib\features\pos\screens\pos_home_screen.dart:799:45 - deprecated_member_use
   info - Unnecessary use of multiple underscores - lib\features\pos\screens\pos_home_screen.dart:898:49 - unnecessary_underscores
   info - 'withOpacity' is deprecated and shouldn't be used. Use .withValues() to avoid precision loss - lib\features\pos\screens\pos_home_screen.dart:918:50 - deprecated_member_use
   info - 'withOpacity' is deprecated and shouldn't be used. Use .withValues() to avoid precision loss - lib\features\pos\screens\pos_home_screen.dart:1091:49 - deprecated_member_use
   info - 'withOpacity' is deprecated and shouldn't be used. Use .withValues() to avoid precision loss - lib\features\pos\screens\pos_home_screen.dart:1292:27 - deprecated_member_use
   info - 'withOpacity' is deprecated and shouldn't be used. Use .withValues() to avoid precision loss - lib\features\pos\screens\pos_home_screen.dart:1294:46 - deprecated_member_use
   info - Unnecessary use of multiple underscores - lib\main.dart:29:26 - unnecessary_underscores
   info - Unnecessary use of multiple underscores - lib\shared\widgets\app_drawer.dart:23:20 - unnecessary_underscores
   info - Unnecessary use of multiple underscores - lib\shared\widgets\app_drawer.dart:23:24 - unnecessary_underscores
   info - 'withOpacity' is deprecated and shouldn't be used. Use .withValues() to avoid precision loss - lib\shared\widgets\app_drawer.dart:53:35 - deprecated_member_use
   info - 'withOpacity' is deprecated and shouldn't be used. Use .withValues() to avoid precision loss - lib\shared\widgets\app_drawer.dart:55:54 - deprecated_member_use
   info - 'userLarge' is deprecated and shouldn't be used. Use "user" instead - lib\shared\widgets\app_drawer.dart:58:32 - deprecated_member_use
   info - 'withOpacity' is deprecated and shouldn't be used. Use .withValues() to avoid precision loss - lib\shared\widgets\app_drawer.dart:76:35 - deprecated_member_use
   info - 'withOpacity' is deprecated and shouldn't be used. Use .withValues() to avoid precision loss - lib\shared\widgets\app_drawer.dart:151:34 - deprecated_member_use
   info - 'withOpacity' is deprecated and shouldn't be used. Use .withValues() to avoid precision loss - lib\shared\widgets\app_drawer.dart:164:46 - deprecated_member_use
   info - Unnecessary use of multiple underscores - lib\shared\widgets\app_drawer.dart:204:26 - unnecessary_underscores
   info - 'withOpacity' is deprecated and shouldn't be used. Use .withValues() to avoid precision loss - lib\shared\widgets\app_drawer.dart:277:25 - deprecated_member_use
   info - 'withOpacity' is deprecated and shouldn't be used. Use .withValues() to avoid precision loss - lib\shared\widgets\app_drawer.dart:279:44 - deprecated_member_use
  error - The name 'MyApp' isn't a class - test\widget_test.dart:16:35 - creation_with_non_type

